# Extracted verbatim from README.md (the elevator specification-pattern
# example). Kept as a fixture so the documented example cannot rot.
type Button : enum { DEPRESSED, RELEASED };
type State  : enum { ON, OFF };
type Door   : enum { OPENED, CLOSED };

data button : Button;
data lock   : State;
data alarm  : State;
data door   : Door;

before button.DEPRESSED, lock.ON eventually holds after 100 milliseconds;
globally, it is never the case that door.CLOSED && alarm.ON;
while door.OPENED, it is always the case that alarm.ON after 30 seconds;
globally, if button.DEPRESSED, then in response lock.ON after 100 milliseconds;
globally, once lock.ON becomes satisfied it remains so for at least 2 seconds;
globally, once lock.ON becomes satisfied it remains so for less than 3 seconds;
between door.CLOSED and lock.OFF, it is always the case that door.CLOSED;
after lock.ON, if door.OPENED, then it must have been the case that lock.OFF has occurred before it;
after lock.ON, if lock.OFF, then it must have been the case that button.DEPRESSED has occurred before;
